// Jest Snapshot v1, https://goo.gl/fbAQLP

exports[`CheckboxWithLabel changes the text after click 1`] = `
<Section>
  <h1>
    Контакты
  </h1>
</Section>
`;
